// Jest Snapshot v1, https://goo.gl/fbAQLP

exports[`ContactsTag Component fetched and displays data 1`] = `
<div>
  <div>
    7
  </div>
</div>
`;
